db-1            | The files belonging to this database system will be owned by user "postgres".
db-1            | This user must also own the server process.
db-1            | 
db-1            | The database cluster will be initialized with locale "en_US.utf8".
db-1            | The default database encoding has accordingly been set to "UTF8".
db-1            | The default text search configuration will be set to "english".
db-1            | 
db-1            | Data page checksums are disabled.
db-1            | 
db-1            | fixing permissions on existing directory /var/lib/postgresql/data/pgdata ... ok
db-1            | creating subdirectories ... ok
db-1            | selecting dynamic shared memory implementation ... posix
prometheus-1    | time=2025-11-12T11:01:58.403Z level=INFO source=main.go:1549 msg="updated GOGC" old=100 new=75
prometheus-1    | time=2025-11-12T11:01:58.403Z level=INFO source=main.go:680 msg="Leaving GOMAXPROCS=11: CPU quota undefined" component=automaxprocs
mongo_nef-1     | about to fork child process, waiting until server is ready for connections.
mongo_nef-1     | forked process: 30
mongo_nef-1     | 
mongo_nef-1     | {"t":{"$date":"2025-11-12T11:01:58.129+00:00"},"s":"I",  "c":"CONTROL",  "id":20698,   "ctx":"main","msg":"***** SERVER RESTARTED *****"}
mongo_nef-1     | {"t":{"$date":"2025-11-12T11:01:58.133+00:00"},"s":"I",  "c":"CONTROL",  "id":23285,   "ctx":"main","msg":"Automatically disabling TLS 1.0, to force-enable TLS 1.0 specify --sslDisabledProtocols 'none'"}
prometheus-1    | time=2025-11-12T11:01:58.403Z level=INFO source=memlimit.go:198 msg="GOMEMLIMIT is updated" component=automemlimit package=github.com/KimMachineGun/automemlimit/memlimit GOMEMLIMIT=15073980825 previous=9223372036854775807
prometheus-1    | time=2025-11-12T11:01:58.403Z level=INFO source=main.go:722 msg="No time or size retention was set so using the default time retention" duration=15d
prometheus-1    | time=2025-11-12T11:01:58.403Z level=INFO source=main.go:773 msg="Starting Prometheus Server" mode=server version="(version=3.7.3, branch=HEAD, revision=0a41f0000705c69ab8e0f9a723fc73e39ed62b07)"
grafana-1       | logger=settings t=2025-11-12T11:01:58.858188512Z level=info msg="Starting Grafana" version=12.2.1 commit=563109b696e9c1cbaf345f2ab7a11f7f78422982 branch=release-12.2.1 compiled=2025-11-12T11:01:58Z
grafana-1       | logger=settings t=2025-11-12T11:01:58.858405262Z level=info msg="Config loaded from" file=/usr/share/grafana/conf/defaults.ini
grafana-1       | logger=settings t=2025-11-12T11:01:58.858412929Z level=info msg="Config loaded from" file=/etc/grafana/grafana.ini
grafana-1       | logger=settings t=2025-11-12T11:01:58.85841472Z level=info msg="Config overridden from command line" arg="default.paths.data=/var/lib/grafana"
grafana-1       | logger=settings t=2025-11-12T11:01:58.858416054Z level=info msg="Config overridden from command line" arg="default.paths.logs=/var/log/grafana"
grafana-1       | logger=settings t=2025-11-12T11:01:58.858417387Z level=info msg="Config overridden from command line" arg="default.paths.plugins=/var/lib/grafana/plugins"
grafana-1       | logger=settings t=2025-11-12T11:01:58.858418512Z level=info msg="Config overridden from command line" arg="default.paths.provisioning=/etc/grafana/provisioning"
grafana-1       | logger=settings t=2025-11-12T11:01:58.858419637Z level=info msg="Config overridden from command line" arg="default.log.mode=console"
grafana-1       | logger=settings t=2025-11-12T11:01:58.858420887Z level=info msg="Config overridden from Environment variable" var="GF_PATHS_DATA=/var/lib/grafana"
grafana-1       | logger=settings t=2025-11-12T11:01:58.858422637Z level=info msg="Config overridden from Environment variable" var="GF_PATHS_LOGS=/var/log/grafana"
grafana-1       | logger=settings t=2025-11-12T11:01:58.858423762Z level=info msg="Config overridden from Environment variable" var="GF_PATHS_PLUGINS=/var/lib/grafana/plugins"
grafana-1       | logger=settings t=2025-11-12T11:01:58.858424804Z level=info msg="Config overridden from Environment variable" var="GF_PATHS_PROVISIONING=/etc/grafana/provisioning"
grafana-1       | logger=settings t=2025-11-12T11:01:58.858426387Z level=info msg="Config overridden from Environment variable" var="GF_SECURITY_ADMIN_PASSWORD=*********"
grafana-1       | logger=settings t=2025-11-12T11:01:58.85842772Z level=info msg=Target target=[all]
grafana-1       | logger=settings t=2025-11-12T11:01:58.858434012Z level=info msg="Path Home" path=/usr/share/grafana
grafana-1       | logger=settings t=2025-11-12T11:01:58.85843522Z level=info msg="Path Data" path=/var/lib/grafana
grafana-1       | logger=settings t=2025-11-12T11:01:58.858436304Z level=info msg="Path Logs" path=/var/log/grafana
grafana-1       | logger=settings t=2025-11-12T11:01:58.858437304Z level=info msg="Path Plugins" path=/var/lib/grafana/plugins
grafana-1       | logger=settings t=2025-11-12T11:01:58.858438387Z level=info msg="Path Provisioning" path=/etc/grafana/provisioning
grafana-1       | logger=settings t=2025-11-12T11:01:58.858439595Z level=info msg="App mode production"
ml-service-1    | INFO:matplotlib.font_manager:generated new fontManager
ml-service-1    | INFO:ml_service.app:Initializing ML model...
ml-service-1    | INFO:ml_service.app.initialization.thread_monitor:Registered thread 'model_background_init' for monitoring
ml-service-1    | INFO:ml_service.app.initialization.thread_monitor:Thread monitoring started
ml-service-1    | INFO:ml_service.app:ML model initialization started
ml-service-1    | /venv/lib/python3.10/site-packages/sklearn/base.py:442: InconsistentVersionWarning: Trying to unpickle estimator LabelEncoder from version 1.5.2 when using version 1.7.2. This might lead to breaking code or invalid results. Use at your own risk. For more info please refer to:
db-1            | selecting default max_connections ... 100
db-1            | selecting default shared_buffers ... 128MB
nef-emulator-1  | Checking for script in /app/prestart.sh
nef-emulator-1  | Running script /app/prestart.sh
grafana-1       | logger=featuremgmt t=2025-11-12T11:01:58.858662845Z level=info msg=FeatureToggles correlations=true newPDFRendering=true logRowsPopoverMenu=true cloudWatchCrossAccountQuerying=true skipTokenRotationIfRecent=true formatString=true alertRuleRestore=true addFieldFromCalculationStatFunctions=true alertingBulkActionsInUI=true promQLScope=true pinNavItems=true alertingRuleVersionHistoryRestore=true newFiltersUI=true panelMonitoring=true alertingMigrationUI=true dashboardScene=true lokiLabelNamesQueryApi=true unifiedRequestLog=true dashboardDsAdHocFiltering=true dataplaneFrontendFallback=true lokiQuerySplitting=true azureMonitorPrometheusExemplars=true improvedExternalSessionHandling=true annotationPermissionUpdate=true alertingRulePermanentlyDelete=true adhocFiltersInTooltips=true dashgpt=true preinstallAutoUpdate=true logsPanelControls=true alertingNotificationsStepMode=true dashboardSceneForViewers=true publicDashboardsScene=true alertingQueryAndExpressionsStepMode=true tlsMemcached=true improvedExternalSessionHandlingSAML=true logsInfiniteScrolling=true logsContextDatasourceUi=true groupToNestedTableTransformation=true cloudWatchNewLabelParsing=true alertingSaveStateCompressed=true influxdbBackendMigration=true alertingImportYAMLUI=true grafanaconThemes=true grafanaAssistantInProfilesDrilldown=true cloudWatchRoundUpEndTime=true ssoSettingsLDAP=true awsAsyncQueryCaching=true dashboardSceneSolo=true awsDatasourcesTempCredentials=true transformationsRedesign=true alertingRuleRecoverDeleted=true recordedQueriesMulti=true unifiedStorageHistoryPruner=true alertingUIOptimizeReducer=true kubernetesDashboards=true logsExploreTableVisualisation=true onPremToCloudMigrations=true useSessionStorageForRedirection=true newDashboardSharingComponent=true azureMonitorEnableUserAuth=true prometheusAzureOverrideAudience=true
grafana-1       | logger=sqlstore t=2025-11-12T11:01:58.858698595Z level=info msg="Connecting to DB" dbtype=sqlite3
mongo_nef-1     | {"t":{"$date":"2025-11-12T11:01:58.134+00:00"},"s":"W",  "c":"ASIO",     "id":22601,   "ctx":"main","msg":"No TransportLayer configured during NetworkInterface startup"}
mongo_nef-1     | {"t":{"$date":"2025-11-12T11:01:58.134+00:00"},"s":"I",  "c":"NETWORK",  "id":4648601, "ctx":"main","msg":"Implicit TCP FastOpen unavailable. If TCP FastOpen is required, set tcpFastOpenServer, tcpFastOpenClient, and tcpFastOpenQueueSize."}
prometheus-1    | time=2025-11-12T11:01:58.403Z level=INFO source=main.go:778 msg="operational information" build_context="(go=go1.25.3, platform=linux/arm64, user=root@08c890a84441, date=20251030-07:29:24, tags=netgo,builtinassets)" host_details="(Linux 6.10.14-linuxkit #1 SMP Tue Oct 14 07:32:13 UTC 2025 aarch64 4f43a9865080 (none))" fd_limits="(soft=1048576, hard=1048576)" vm_limits="(soft=unlimited, hard=unlimited)"
prometheus-1    | time=2025-11-12T11:01:58.406Z level=INFO source=web.go:660 msg="Start listening for connections" component=web address=0.0.0.0:9090
ml-service-1    | https://scikit-learn.org/stable/model_persistence.html#security-maintainability-limitations
ml-service-1    |   warnings.warn(
ml-service-1    | /venv/lib/python3.10/site-packages/sklearn/base.py:442: InconsistentVersionWarning: Trying to unpickle estimator StandardScaler from version 1.5.2 when using version 1.7.2. This might lead to breaking code or invalid results. Use at your own risk. For more info please refer to:
db-1            | selecting default time zone ... Etc/UTC
db-1            | creating configuration files ... ok
db-1            | running bootstrap script ... ok
db-1            | performing post-bootstrap initialization ... ok
db-1            | syncing data to disk ... ok
db-1            | 
db-1            | 
db-1            | Success. You can now start the database server using:
grafana-1       | logger=sqlstore t=2025-11-12T11:01:58.85871797Z level=info msg="Creating SQLite database file" path=/var/lib/grafana/grafana.db
grafana-1       | logger=migrator t=2025-11-12T11:01:58.859940012Z level=info msg="Locking database"
grafana-1       | logger=migrator t=2025-11-12T11:01:58.859949845Z level=info msg="Starting DB migrations"
grafana-1       | logger=migrator t=2025-11-12T11:01:58.860281595Z level=info msg="Executing migration" id="create migration_log table"
grafana-1       | logger=migrator t=2025-11-12T11:01:58.861094762Z level=info msg="Migration successfully executed" id="create migration_log table" duration=811.5µs
grafana-1       | logger=migrator t=2025-11-12T11:01:58.86618422Z level=info msg="Executing migration" id="create user table"
grafana-1       | logger=migrator t=2025-11-12T11:01:58.866865929Z level=info msg="Migration successfully executed" id="create user table" duration=684.375µs
grafana-1       | logger=migrator t=2025-11-12T11:01:58.876878304Z level=info msg="Executing migration" id="add unique index user.login"
grafana-1       | logger=migrator t=2025-11-12T11:01:58.877341929Z level=info msg="Migration successfully executed" id="add unique index user.login" duration=464.625µs
grafana-1       | logger=migrator t=2025-11-12T11:01:58.878959679Z level=info msg="Executing migration" id="add unique index user.email"
grafana-1       | logger=migrator t=2025-11-12T11:01:58.879288762Z level=info msg="Migration successfully executed" id="add unique index user.email" duration=329.417µs
grafana-1       | logger=migrator t=2025-11-12T11:01:58.881781012Z level=info msg="Executing migration" id="drop index UQE_user_login - v1"
nef-emulator-1  | INFO:__main__:Initializing service
nef-emulator-1  | INFO:__main__:Starting call to '__main__.init', this is the 1st time calling it.
nef-emulator-1  | /app/app/backend_pre_start.py:45: RemovedIn20Warning: Deprecated API features detected! These feature(s) are not compatible with SQLAlchemy 2.0. To prevent incompatible upgrades prior to updating applications, ensure requirements files are pinned to "sqlalchemy<2.0". Set environment variable SQLALCHEMY_WARN_20=1 to show all deprecation warnings.  Set environment variable SQLALCHEMY_SILENCE_UBER_WARNING=1 to silence this message. (Background on SQLAlchemy 2.0 at: https://sqlalche.me/e/b8d9)
nef-emulator-1  |   db.execute("SELECT 1")
nef-emulator-1  | INFO:__main__:Service finished initializing
nef-emulator-1  | INFO:__main__:Creating initial data
nef-emulator-1  | INFO:__main__:Service description files successfully updated!!!
prometheus-1    | time=2025-11-12T11:01:58.411Z level=INFO source=main.go:1293 msg="Starting TSDB ..."
prometheus-1    | time=2025-11-12T11:01:58.412Z level=INFO source=tls_config.go:346 msg="Listening on" component=web address=[::]:9090
prometheus-1    | time=2025-11-12T11:01:58.412Z level=INFO source=tls_config.go:349 msg="TLS is disabled." component=web http2=false address=[::]:9090
prometheus-1    | time=2025-11-12T11:01:58.413Z level=INFO source=head.go:669 msg="Replaying on-disk memory mappable chunks if any" component=tsdb
prometheus-1    | time=2025-11-12T11:01:58.413Z level=INFO source=head.go:755 msg="On-disk memory mappable chunks replay completed" component=tsdb duration=1.042µs
prometheus-1    | time=2025-11-12T11:01:58.415Z level=INFO source=head.go:763 msg="Replaying WAL, this may take a while" component=tsdb
nef-emulator-1  | INFO:__main__:Initial data created
nef-emulator-1  | INFO:__main__:Trying to connect with CAPIF Core Function
nef-emulator-1  | WARNING:__main__:evolved5g SDK not installed; skipping CAPIF provider onboarding
nef-emulator-1  | INFO:__main__:Skipping CAPIF publish for app/core/capif_files/service_monitoring_event.json
nef-emulator-1  | INFO:__main__:Skipping CAPIF publish for app/core/capif_files/service_as_session_with_qos.json
nef-emulator-1  | INFO:__main__:Successfully onboard NEF in the CAPIF Core Function
nef-emulator-1  | /usr/local/lib/python3.10/site-packages/gunicorn/util.py:25: UserWarning: pkg_resources is deprecated as an API. See https://setuptools.pypa.io/en/latest/pkg_resources.html. The pkg_resources package is slated for removal as early as 2025-11-30. Refrain from using this package or pin to Setuptools<81.
nef-emulator-1  |   import pkg_resources
mongo_nef-1     | {"t":{"$date":"2025-11-12T11:01:58.136+00:00"},"s":"I",  "c":"STORAGE",  "id":4615611, "ctx":"initandlisten","msg":"MongoDB starting","attr":{"pid":30,"port":27017,"dbPath":"/data/db","architecture":"64-bit","host":"7a135665cbcf"}}
mongo_nef-1     | {"t":{"$date":"2025-11-12T11:01:58.136+00:00"},"s":"I",  "c":"CONTROL",  "id":23403,   "ctx":"initandlisten","msg":"Build Info","attr":{"buildInfo":{"version":"4.4.10","gitVersion":"58971da1ef93435a9f62bf4708a81713def6e88c","openSSLVersion":"OpenSSL 1.1.1f  31 Mar 2020","modules":[],"allocator":"tcmalloc","environment":{"distmod":"ubuntu2004","distarch":"aarch64","target_arch":"aarch64"}}}}
mongo_nef-1     | {"t":{"$date":"2025-11-12T11:01:58.136+00:00"},"s":"I",  "c":"CONTROL",  "id":51765,   "ctx":"initandlisten","msg":"Operating System","attr":{"os":{"name":"Ubuntu","version":"20.04"}}}
db-1            | 
db-1            |     pg_ctl -D /var/lib/postgresql/data/pgdata -l logfile start
db-1            | 
db-1            | initdb: warning: enabling "trust" authentication for local connections
db-1            | You can change this by editing pg_hba.conf or using the option -A, or
db-1            | --auth-local and --auth-host, the next time you run initdb.
db-1            | waiting for server to start....2025-11-12 11:01:58.669 UTC [48] LOG:  starting PostgreSQL 12.22 (Debian 12.22-1.pgdg120+1) on aarch64-unknown-linux-gnu, compiled by gcc (Debian 12.2.0-14) 12.2.0, 64-bit
db-1            | 2025-11-12 11:01:58.670 UTC [48] LOG:  listening on Unix socket "/var/run/postgresql/.s.PGSQL.5432"
db-1            | 2025-11-12 11:01:58.681 UTC [49] LOG:  database system was shut down at 2025-11-12 11:01:58 UTC
db-1            | 2025-11-12 11:01:58.685 UTC [48] LOG:  database system is ready to accept connections
db-1            |  done
db-1            | server started
db-1            | CREATE DATABASE
prometheus-1    | time=2025-11-12T11:01:58.415Z level=INFO source=head.go:836 msg="WAL segment loaded" component=tsdb segment=0 maxSegment=0 duration=119.667µs
prometheus-1    | time=2025-11-12T11:01:58.415Z level=INFO source=head.go:873 msg="WAL replay completed" component=tsdb checkpoint_replay_duration=22.042µs wal_replay_duration=135.417µs wbl_replay_duration=0s chunk_snapshot_load_duration=0s mmap_chunk_replay_duration=1.042µs total_replay_duration=2.077667ms
prometheus-1    | time=2025-11-12T11:01:58.416Z level=INFO source=main.go:1314 msg="filesystem information" fs_type=EXT4_SUPER_MAGIC
prometheus-1    | time=2025-11-12T11:01:58.416Z level=INFO source=main.go:1317 msg="TSDB started"
prometheus-1    | time=2025-11-12T11:01:58.416Z level=INFO source=main.go:1502 msg="Loading configuration file" filename=/etc/prometheus/prometheus.yml
prometheus-1    | time=2025-11-12T11:01:58.417Z level=INFO source=main.go:1542 msg="Completed loading of configuration file" db_storage=1.292µs remote_storage=958ns web_handler=208ns query_engine=667ns scrape=142.209µs scrape_sd=29.875µs notify=120.375µs notify_sd=7.875µs rules=1.083µs tracing=2.166µs filename=/etc/prometheus/prometheus.yml totalDuration=841.417µs
prometheus-1    | time=2025-11-12T11:01:58.417Z level=INFO source=main.go:1278 msg="Server is ready to receive web requests."
nef-emulator-1  | {"loglevel": "info", "workers": 11, "bind": "0.0.0.0:80", "graceful_timeout": 120, "timeout": 120, "keepalive": 5, "errorlog": "-", "accesslog": "-", "workers_per_core": 1.0, "use_max_workers": null, "host": "0.0.0.0", "port": "80"}
nef-emulator-1  | [2025-11-12 11:02:02 +0000] [1] [INFO] Starting gunicorn 20.1.0
grafana-1       | logger=migrator t=2025-11-12T11:01:58.882140012Z level=info msg="Migration successfully executed" id="drop index UQE_user_login - v1" duration=359.792µs
grafana-1       | logger=migrator t=2025-11-12T11:01:58.883832345Z level=info msg="Executing migration" id="drop index UQE_user_email - v1"
prometheus-1    | time=2025-11-12T11:01:58.417Z level=INFO source=manager.go:190 msg="Starting rule manager..." component="rule manager"
ml-service-1    | https://scikit-learn.org/stable/model_persistence.html#security-maintainability-limitations
ml-service-1    |   warnings.warn(
ml-service-1    | INFO:ml_service.app.models.antenna_selector:Successfully loaded model from /app/ml_service/app/models/antenna_selector_v1.0.0.joblib
ml-service-1    | INFO:ml_service.app.models.antenna_selector:Successfully loaded model from /app/ml_service/app/models/antenna_selector_v1.0.0.joblib
ml-service-1    | INFO:ml_service.app.initialization.model_init:Model is already trained and ready
mongo_nef-1     | {"t":{"$date":"2025-11-12T11:01:58.136+00:00"},"s":"I",  "c":"CONTROL",  "id":21951,   "ctx":"initandlisten","msg":"Options set by command line","attr":{"options":{"net":{"bindIp":"127.0.0.1","port":27017,"tls":{"mode":"disabled"}},"processManagement":{"fork":true,"pidFilePath":"/tmp/docker-entrypoint-temp-mongod.pid"},"systemLog":{"destination":"file","logAppend":true,"path":"/proc/1/fd/1"}}}}
mongo_nef-1     | {"t":{"$date":"2025-11-12T11:01:58.137+00:00"},"s":"I",  "c":"STORAGE",  "id":22297,   "ctx":"initandlisten","msg":"Using the XFS filesystem is strongly recommended with the WiredTiger storage engine. See http://dochub.mongodb.org/core/prodnotes-filesystem","tags":["startupWarnings"]}
mongo_nef-1     | {"t":{"$date":"2025-11-12T11:01:58.137+00:00"},"s":"I",  "c":"STORAGE",  "id":22315,   "ctx":"initandlisten","msg":"Opening WiredTiger","attr":{"config":"create,cache_size=7474M,session_max=33000,eviction=(threads_min=4,threads_max=4),config_base=false,statistics=(fast),log=(enabled=true,archive=true,path=journal,compressor=snappy),file_manager=(close_idle_time=100000,close_scan_interval=10,close_handle_minimum=250),statistics_log=(wait=0),verbose=[recovery_progress,checkpoint_progress,compact_progress],"}}
grafana-1       | logger=migrator t=2025-11-12T11:01:58.88424097Z level=info msg="Migration successfully executed" id="drop index UQE_user_email - v1" duration=408.5µs
nef-emulator-1  | [2025-11-12 11:02:02 +0000] [1] [INFO] Listening at: http://0.0.0.0:80 (1)
nef-emulator-1  | [2025-11-12 11:02:02 +0000] [1] [INFO] Using worker: uvicorn.workers.UvicornWorker
nef-emulator-1  | [2025-11-12 11:02:02 +0000] [14] [INFO] Booting worker with pid: 14
nef-emulator-1  | [2025-11-12 11:02:02 +0000] [15] [INFO] Booting worker with pid: 15
nef-emulator-1  | [2025-11-12 11:02:02 +0000] [16] [INFO] Booting worker with pid: 16
nef-emulator-1  | [2025-11-12 11:02:02 +0000] [17] [INFO] Booting worker with pid: 17
nef-emulator-1  | [2025-11-12 11:02:02 +0000] [18] [INFO] Booting worker with pid: 18
nef-emulator-1  | [2025-11-12 11:02:02 +0000] [19] [INFO] Booting worker with pid: 19
nef-emulator-1  | [2025-11-12 11:02:02 +0000] [20] [INFO] Booting worker with pid: 20
nef-emulator-1  | [2025-11-12 11:02:02 +0000] [21] [INFO] Booting worker with pid: 21
nef-emulator-1  | [2025-11-12 11:02:03 +0000] [22] [INFO] Booting worker with pid: 22
nef-emulator-1  | [2025-11-12 11:02:03 +0000] [23] [INFO] Booting worker with pid: 23
nef-emulator-1  | [2025-11-12 11:02:03 +0000] [24] [INFO] Booting worker with pid: 24
nef-emulator-1  | [2025-11-12 11:02:04 +0000] [14] [INFO] Started server process [14]
nef-emulator-1  | [2025-11-12 11:02:04 +0000] [14] [INFO] Waiting for application startup.
nef-emulator-1  | [2025-11-12 11:02:04 +0000] [14] [INFO] Application startup complete.
nef-emulator-1  | 192.168.65.1:23006 - "GET /docs HTTP/1.1" 200
nef-emulator-1  | [2025-11-12 11:02:04 +0000] [15] [INFO] Started server process [15]
nef-emulator-1  | [2025-11-12 11:02:04 +0000] [15] [INFO] Waiting for application startup.
nef-emulator-1  | [2025-11-12 11:02:04 +0000] [15] [INFO] Application startup complete.
ml-service-1    | INFO:ml_service.app.monitoring.metrics:Metrics collector initialized for PID 7
ml-service-1    | INFO:ml_service.app:Flask application initialization complete
ml-service-1    | [2025-11-12 11:02:05 +0000] [7] [INFO] Starting gunicorn 21.2.0
ml-service-1    | [2025-11-12 11:02:05 +0000] [7] [INFO] Listening at: http://0.0.0.0:5050 (7)
ml-service-1    | [2025-11-12 11:02:05 +0000] [7] [INFO] Using worker: gthread
mongo_nef-1     | {"t":{"$date":"2025-11-12T11:01:58.628+00:00"},"s":"I",  "c":"STORAGE",  "id":22430,   "ctx":"initandlisten","msg":"WiredTiger message","attr":{"message":"[1762945318:628916][30:0xffff966d4980], txn-recover: [WT_VERB_RECOVERY | WT_VERB_RECOVERY_PROGRESS] Set global recovery timestamp: (0, 0)"}}
mongo_nef-1     | {"t":{"$date":"2025-11-12T11:01:58.628+00:00"},"s":"I",  "c":"STORAGE",  "id":22430,   "ctx":"initandlisten","msg":"WiredTiger message","attr":{"message":"[1762945318:628966][30:0xffff966d4980], txn-recover: [WT_VERB_RECOVERY | WT_VERB_RECOVERY_PROGRESS] Set global oldest timestamp: (0, 0)"}}
mongo_nef-1     | {"t":{"$date":"2025-11-12T11:01:58.634+00:00"},"s":"I",  "c":"STORAGE",  "id":4795906, "ctx":"initandlisten","msg":"WiredTiger opened","attr":{"durationMillis":497}}
mongo_nef-1     | {"t":{"$date":"2025-11-12T11:01:58.634+00:00"},"s":"I",  "c":"RECOVERY", "id":23987,   "ctx":"initandlisten","msg":"WiredTiger recoveryTimestamp","attr":{"recoveryTimestamp":{"$timestamp":{"t":0,"i":0}}}}
mongo_nef-1     | {"t":{"$date":"2025-11-12T11:01:58.644+00:00"},"s":"I",  "c":"STORAGE",  "id":4366408, "ctx":"initandlisten","msg":"No table logging settings modifications are required for existing WiredTiger tables","attr":{"loggingEnabled":true}}
mongo_nef-1     | {"t":{"$date":"2025-11-12T11:01:58.644+00:00"},"s":"I",  "c":"STORAGE",  "id":22262,   "ctx":"initandlisten","msg":"Timestamp monitor starting"}
grafana-1       | logger=migrator t=2025-11-12T11:01:58.88926197Z level=info msg="Executing migration" id="Rename table user to user_v1 - v1"
grafana-1       | logger=migrator t=2025-11-12T11:01:58.89039022Z level=info msg="Migration successfully executed" id="Rename table user to user_v1 - v1" duration=1.1285ms
ml-service-1    | [2025-11-12 11:02:05 +0000] [54] [INFO] Booting worker with pid: 54
ml-service-1    | [2025-11-12 11:02:05 +0000] [55] [INFO] Booting worker with pid: 55
ml-service-1    | [2025-11-12 11:02:05 +0000] [56] [INFO] Booting worker with pid: 56
ml-service-1    | [2025-11-12 11:02:05 +0000] [57] [INFO] Booting worker with pid: 57
grafana-1       | logger=migrator t=2025-11-12T11:01:58.893046012Z level=info msg="Executing migration" id="create user table v2"
grafana-1       | logger=migrator t=2025-11-12T11:01:58.89340397Z level=info msg="Migration successfully executed" id="create user table v2" duration=358.5µs
grafana-1       | logger=migrator t=2025-11-12T11:01:58.895152512Z level=info msg="Executing migration" id="create index UQE_user_login - v2"
grafana-1       | logger=migrator t=2025-11-12T11:01:58.895403095Z level=info msg="Migration successfully executed" id="create index UQE_user_login - v2" duration=250.667µs
ml-service-1    | INFO:ml_service.app:Received GET request for /api/health [cid=4261500d-2d29-4ff5-a520-419a02245670]
ml-service-1    | INFO:ml_service.app:Responding with 200 OK [cid=4261500d-2d29-4ff5-a520-419a02245670]
ml-service-1    | INFO:ml_service.app.monitoring.metrics:Metrics collector already stopped
ml-service-1    | 192.168.65.1 - - [12/Nov/2025:11:02:07 +0000] "GET /api/health HTTP/1.1" 200 39 "-" "curl/8.7.1"
ml-service-1    | INFO:ml_service.app:Received GET request for /api/model-health [cid=2b811ef9-d2f8-4579-8360-c04266bf83a7]
ml-service-1    | INFO:ml_service.app:Responding with 200 OK [cid=2b811ef9-d2f8-4579-8360-c04266bf83a7]
ml-service-1    | INFO:ml_service.app.monitoring.metrics:Metrics collector already stopped
ml-service-1    | 192.168.65.1 - - [12/Nov/2025:11:02:07 +0000] "GET /api/model-health HTTP/1.1" 200 118 "-" "curl/8.7.1"
ml-service-1    | INFO:ml_service.app:Received POST request for /api/login [cid=7626bb78-9201-43d7-a74d-8c7b6d0779ff]
grafana-1       | logger=migrator t=2025-11-12T11:01:58.897413179Z level=info msg="Executing migration" id="create index UQE_user_email - v2"
grafana-1       | logger=migrator t=2025-11-12T11:01:58.897724595Z level=info msg="Migration successfully executed" id="create index UQE_user_email - v2" duration=311.416µs
grafana-1       | logger=migrator t=2025-11-12T11:01:58.899623845Z level=info msg="Executing migration" id="copy data_source v1 to v2"
grafana-1       | logger=migrator t=2025-11-12T11:01:58.899798929Z level=info msg="Migration successfully executed" id="copy data_source v1 to v2" duration=175.375µs
grafana-1       | logger=migrator t=2025-11-12T11:01:58.901271887Z level=info msg="Executing migration" id="Drop old table user_v1"
grafana-1       | logger=migrator t=2025-11-12T11:01:58.901609262Z level=info msg="Migration successfully executed" id="Drop old table user_v1" duration=337.792µs
grafana-1       | logger=migrator t=2025-11-12T11:01:58.904222179Z level=info msg="Executing migration" id="Add column help_flags1 to user table"
grafana-1       | logger=migrator t=2025-11-12T11:01:58.905244262Z level=info msg="Migration successfully executed" id="Add column help_flags1 to user table" duration=1.022125ms
nef-emulator-1  | [2025-11-12 11:02:04 +0000] [16] [INFO] Started server process [16]
nef-emulator-1  | [2025-11-12 11:02:04 +0000] [16] [INFO] Waiting for application startup.
nef-emulator-1  | [2025-11-12 11:02:04 +0000] [16] [INFO] Application startup complete.
nef-emulator-1  | [2025-11-12 11:02:05 +0000] [18] [INFO] Started server process [18]
nef-emulator-1  | [2025-11-12 11:02:05 +0000] [18] [INFO] Waiting for application startup.
nef-emulator-1  | [2025-11-12 11:02:05 +0000] [18] [INFO] Application startup complete.
db-1            | 
db-1            | 
db-1            | /usr/local/bin/docker-entrypoint.sh: ignoring /docker-entrypoint-initdb.d/*
db-1            | 
db-1            | waiting for server to shut down....2025-11-12 11:01:58.940 UTC [48] LOG:  received fast shutdown request
db-1            | 2025-11-12 11:01:58.945 UTC [48] LOG:  aborting any active transactions
db-1            | 2025-11-12 11:01:58.946 UTC [48] LOG:  background worker "logical replication launcher" (PID 55) exited with exit code 1
nef-emulator-1  | [2025-11-12 11:02:05 +0000] [19] [INFO] Started server process [19]
nef-emulator-1  | [2025-11-12 11:02:05 +0000] [19] [INFO] Waiting for application startup.
nef-emulator-1  | [2025-11-12 11:02:05 +0000] [19] [INFO] Application startup complete.
nef-emulator-1  | [2025-11-12 11:02:05 +0000] [17] [INFO] Started server process [17]
nef-emulator-1  | [2025-11-12 11:02:05 +0000] [17] [INFO] Waiting for application startup.
nef-emulator-1  | [2025-11-12 11:02:05 +0000] [17] [INFO] Application startup complete.
nef-emulator-1  | [2025-11-12 11:02:05 +0000] [21] [INFO] Started server process [21]
grafana-1       | logger=migrator t=2025-11-12T11:01:58.907643512Z level=info msg="Executing migration" id="Update user table charset"
grafana-1       | logger=migrator t=2025-11-12T11:01:58.90769147Z level=info msg="Migration successfully executed" id="Update user table charset" duration=48.833µs
grafana-1       | logger=migrator t=2025-11-12T11:01:58.909192929Z level=info msg="Executing migration" id="Add last_seen_at column to user"
ml-service-1    | INFO:ml_service.app:Responding with 200 OK [cid=7626bb78-9201-43d7-a74d-8c7b6d0779ff]
ml-service-1    | INFO:ml_service.app.monitoring.metrics:Metrics collector already stopped
ml-service-1    | 172.19.0.4 - - [12/Nov/2025:11:02:09 +0000] "POST /api/login HTTP/1.1" 200 457 "-" "python-requests/2.32.5"
grafana-1       | logger=migrator t=2025-11-12T11:01:58.909894554Z level=info msg="Migration successfully executed" id="Add last_seen_at column to user" duration=701.75µs
grafana-1       | logger=migrator t=2025-11-12T11:01:58.916879095Z level=info msg="Executing migration" id="Add missing user data"
grafana-1       | logger=migrator t=2025-11-12T11:01:58.917058012Z level=info msg="Migration successfully executed" id="Add missing user data" duration=180.25µs
grafana-1       | logger=migrator t=2025-11-12T11:01:58.919285429Z level=info msg="Executing migration" id="Add is_disabled column to user"
grafana-1       | logger=migrator t=2025-11-12T11:01:58.919883845Z level=info msg="Migration successfully executed" id="Add is_disabled column to user" duration=598.417µs
mongo_nef-1     | {"t":{"$date":"2025-11-12T11:01:58.648+00:00"},"s":"W",  "c":"CONTROL",  "id":22120,   "ctx":"initandlisten","msg":"Access control is not enabled for the database. Read and write access to data and configuration is unrestricted","tags":["startupWarnings"]}
mongo_nef-1     | {"t":{"$date":"2025-11-12T11:01:58.648+00:00"},"s":"W",  "c":"CONTROL",  "id":22178,   "ctx":"initandlisten","msg":"/sys/kernel/mm/transparent_hugepage/enabled is 'always'. We suggest setting it to 'never'","tags":["startupWarnings"]}
mongo_nef-1     | {"t":{"$date":"2025-11-12T11:01:58.649+00:00"},"s":"I",  "c":"STORAGE",  "id":20320,   "ctx":"initandlisten","msg":"createCollection","attr":{"namespace":"admin.system.version","uuidDisposition":"provided","uuid":{"uuid":{"$uuid":"4ca5dfeb-3e6d-4fc5-ad94-a745956ac36e"}},"options":{"uuid":{"$uuid":"4ca5dfeb-3e6d-4fc5-ad94-a745956ac36e"}}}}
mongo_nef-1     | {"t":{"$date":"2025-11-12T11:01:58.660+00:00"},"s":"I",  "c":"INDEX",    "id":20345,   "ctx":"initandlisten","msg":"Index build: done building","attr":{"buildUUID":null,"namespace":"admin.system.version","index":"_id_","commitTimestamp":{"$timestamp":{"t":0,"i":0}}}}
mongo_nef-1     | {"t":{"$date":"2025-11-12T11:01:58.660+00:00"},"s":"I",  "c":"COMMAND",  "id":20459,   "ctx":"initandlisten","msg":"Setting featureCompatibilityVersion","attr":{"newVersion":"4.4"}}
mongo_nef-1     | {"t":{"$date":"2025-11-12T11:01:58.661+00:00"},"s":"I",  "c":"STORAGE",  "id":20536,   "ctx":"initandlisten","msg":"Flow Control is enabled on this deployment"}
mongo_nef-1     | {"t":{"$date":"2025-11-12T11:01:58.662+00:00"},"s":"I",  "c":"STORAGE",  "id":20320,   "ctx":"initandlisten","msg":"createCollection","attr":{"namespace":"local.startup_log","uuidDisposition":"generated","uuid":{"uuid":{"$uuid":"5b4b2b92-d820-44e3-b372-02fd0bc9d5ae"}},"options":{"capped":true,"size":10485760}}}
mongo_nef-1     | {"t":{"$date":"2025-11-12T11:01:58.669+00:00"},"s":"I",  "c":"INDEX",    "id":20345,   "ctx":"initandlisten","msg":"Index build: done building","attr":{"buildUUID":null,"namespace":"local.startup_log","index":"_id_","commitTimestamp":{"$timestamp":{"t":0,"i":0}}}}
nef-emulator-1  | [2025-11-12 11:02:05 +0000] [21] [INFO] Waiting for application startup.
nef-emulator-1  | [2025-11-12 11:02:05 +0000] [21] [INFO] Application startup complete.
nef-emulator-1  | [2025-11-12 11:02:05 +0000] [22] [INFO] Started server process [22]
ml-service-1    | INFO:ml_service.app:Received POST request for /api/predict-with-qos [cid=06c27dad-eb94-4558-b8b1-7c3d159d39c0]
ml-service-1    | /venv/lib/python3.10/site-packages/sklearn/utils/validation.py:2749: UserWarning: X does not have valid feature names, but LGBMClassifier was fitted with feature names
ml-service-1    |   warnings.warn(
ml-service-1    | [LightGBM] [Warning] feature_fraction is set=1.0, colsample_bytree=1.0 will be ignored. Current value: feature_fraction=1.0
ml-service-1    | INFO:ml_service.app:Responding with 200 OK [cid=06c27dad-eb94-4558-b8b1-7c3d159d39c0]
mongo_nef-1     | {"t":{"$date":"2025-11-12T11:01:58.670+00:00"},"s":"I",  "c":"FTDC",     "id":20625,   "ctx":"initandlisten","msg":"Initializing full-time diagnostic data capture","attr":{"dataDirectory":"/data/db/diagnostic.data"}}
mongo_nef-1     | {"t":{"$date":"2025-11-12T11:01:58.670+00:00"},"s":"I",  "c":"REPL",     "id":6015317, "ctx":"initandlisten","msg":"Setting new configuration state","attr":{"newState":"ConfigReplicationDisabled","oldState":"ConfigPreStart"}}
mongo_nef-1     | {"t":{"$date":"2025-11-12T11:01:58.672+00:00"},"s":"I",  "c":"STORAGE",  "id":20320,   "ctx":"LogicalSessionCacheRefresh","msg":"createCollection","attr":{"namespace":"config.system.sessions","uuidDisposition":"generated","uuid":{"uuid":{"$uuid":"a33ddf2c-348b-485c-8113-31cb9a23ee8e"}},"options":{}}}
nef-emulator-1  | [2025-11-12 11:02:05 +0000] [22] [INFO] Waiting for application startup.
nef-emulator-1  | [2025-11-12 11:02:05 +0000] [22] [INFO] Application startup complete.
nef-emulator-1  | [2025-11-12 11:02:05 +0000] [23] [INFO] Started server process [23]
nef-emulator-1  | [2025-11-12 11:02:05 +0000] [23] [INFO] Waiting for application startup.
nef-emulator-1  | [2025-11-12 11:02:05 +0000] [23] [INFO] Application startup complete.
nef-emulator-1  | [2025-11-12 11:02:05 +0000] [20] [INFO] Started server process [20]
nef-emulator-1  | [2025-11-12 11:02:05 +0000] [20] [INFO] Waiting for application startup.
nef-emulator-1  | [2025-11-12 11:02:05 +0000] [20] [INFO] Application startup complete.
nef-emulator-1  | [2025-11-12 11:02:05 +0000] [24] [INFO] Started server process [24]
nef-emulator-1  | [2025-11-12 11:02:05 +0000] [24] [INFO] Waiting for application startup.
nef-emulator-1  | [2025-11-12 11:02:05 +0000] [24] [INFO] Application startup complete.
nef-emulator-1  | 192.168.65.1:53353 - "POST /api/v1/login/access-token HTTP/1.1" 200
mongo_nef-1     | {"t":{"$date":"2025-11-12T11:01:58.672+00:00"},"s":"I",  "c":"NETWORK",  "id":23015,   "ctx":"listener","msg":"Listening on","attr":{"address":"/tmp/mongodb-27017.sock"}}
mongo_nef-1     | {"t":{"$date":"2025-11-12T11:01:58.672+00:00"},"s":"I",  "c":"NETWORK",  "id":23015,   "ctx":"listener","msg":"Listening on","attr":{"address":"127.0.0.1"}}
grafana-1       | logger=migrator t=2025-11-12T11:01:58.923236429Z level=info msg="Executing migration" id="Add index user.login/user.email"
grafana-1       | logger=migrator t=2025-11-12T11:01:58.92372247Z level=info msg="Migration successfully executed" id="Add index user.login/user.email" duration=486.916µs
grafana-1       | logger=migrator t=2025-11-12T11:01:58.926234429Z level=info msg="Executing migration" id="Add is_service_account column to user"
grafana-1       | logger=migrator t=2025-11-12T11:01:58.926921262Z level=info msg="Migration successfully executed" id="Add is_service_account column to user" duration=687.958µs
grafana-1       | logger=migrator t=2025-11-12T11:01:58.929893179Z level=info msg="Executing migration" id="Update is_service_account column to nullable"
grafana-1       | logger=migrator t=2025-11-12T11:01:58.933135262Z level=info msg="Migration successfully executed" id="Update is_service_account column to nullable" duration=3.240459ms
nef-emulator-1  | 192.168.65.1:47993 - "POST /api/v1/paths HTTP/1.1" 400
nef-emulator-1  | 192.168.65.1:43466 - "POST /api/v1/paths HTTP/1.1" 400
nef-emulator-1  | 192.168.65.1:52962 - "POST /api/v1/gNBs HTTP/1.1" 409
nef-emulator-1  | 192.168.65.1:36765 - "POST /api/v1/Cells HTTP/1.1" 409
grafana-1       | logger=migrator t=2025-11-12T11:01:58.936787179Z level=info msg="Executing migration" id="Add uid column to user"
grafana-1       | logger=migrator t=2025-11-12T11:01:58.93733272Z level=info msg="Migration successfully executed" id="Add uid column to user" duration=546.209µs
mongo_nef-1     | {"t":{"$date":"2025-11-12T11:01:58.672+00:00"},"s":"I",  "c":"NETWORK",  "id":23016,   "ctx":"listener","msg":"Waiting for connections","attr":{"port":27017,"ssl":"off"}}
mongo_nef-1     | {"t":{"$date":"2025-11-12T11:01:58.672+00:00"},"s":"I",  "c":"CONTROL",  "id":20712,   "ctx":"LogicalSessionCacheReap","msg":"Sessions collection is not set up; waiting until next sessions reap interval","attr":{"error":"NamespaceNotFound: config.system.sessions does not exist"}}
mongo_nef-1     | child process started successfully, parent exiting
mongo_nef-1     | {"t":{"$date":"2025-11-12T11:01:58.690+00:00"},"s":"I",  "c":"INDEX",    "id":20345,   "ctx":"LogicalSessionCacheRefresh","msg":"Index build: done building","attr":{"buildUUID":null,"namespace":"config.system.sessions","index":"_id_","commitTimestamp":{"$timestamp":{"t":0,"i":0}}}}
mongo_nef-1     | {"t":{"$date":"2025-11-12T11:01:58.690+00:00"},"s":"I",  "c":"INDEX",    "id":20345,   "ctx":"LogicalSessionCacheRefresh","msg":"Index build: done building","attr":{"buildUUID":null,"namespace":"config.system.sessions","index":"lsidTTLIndex","commitTimestamp":{"$timestamp":{"t":0,"i":0}}}}
db-1            | 2025-11-12 11:01:58.946 UTC [50] LOG:  shutting down
db-1            | 2025-11-12 11:01:58.955 UTC [48] LOG:  database system is shut down
db-1            |  done
db-1            | server stopped
db-1            | 
db-1            | PostgreSQL init process complete; ready for start up.
db-1            | 
db-1            | 2025-11-12 11:01:59.048 UTC [1] LOG:  starting PostgreSQL 12.22 (Debian 12.22-1.pgdg120+1) on aarch64-unknown-linux-gnu, compiled by gcc (Debian 12.2.0-14) 12.2.0, 64-bit
db-1            | 2025-11-12 11:01:59.048 UTC [1] LOG:  listening on IPv4 address "0.0.0.0", port 5432
nef-emulator-1  | 192.168.65.1:36109 - "POST /api/v1/Cells HTTP/1.1" 409
nef-emulator-1  | 192.168.65.1:60374 - "POST /api/v1/Cells HTTP/1.1" 409
nef-emulator-1  | 192.168.65.1:58153 - "POST /api/v1/Cells HTTP/1.1" 409
nef-emulator-1  | 192.168.65.1:38179 - "POST /api/v1/UEs HTTP/1.1" 409
nef-emulator-1  | 192.168.65.1:59827 - "POST /api/v1/UEs HTTP/1.1" 409
nef-emulator-1  | 192.168.65.1:18522 - "POST /api/v1/UEs HTTP/1.1" 409
nef-emulator-1  | 192.168.65.1:62143 - "POST /api/v1/UEs/associate/path HTTP/1.1" 200
nef-emulator-1  | 192.168.65.1:60102 - "POST /api/v1/UEs/associate/path HTTP/1.1" 200
nef-emulator-1  | 192.168.65.1:30351 - "POST /api/v1/UEs/associate/path HTTP/1.1" 200
db-1            | 2025-11-12 11:01:59.048 UTC [1] LOG:  listening on IPv6 address "::", port 5432
db-1            | 2025-11-12 11:01:59.049 UTC [1] LOG:  listening on Unix socket "/var/run/postgresql/.s.PGSQL.5432"
db-1            | 2025-11-12 11:01:59.057 UTC [77] LOG:  database system was shut down at 2025-11-12 11:01:58 UTC
mongo_nef-1     | {"t":{"$date":"2025-11-12T11:01:58.813+00:00"},"s":"I",  "c":"NETWORK",  "id":22943,   "ctx":"listener","msg":"Connection accepted","attr":{"remote":"127.0.0.1:36040","connectionId":1,"connectionCount":1}}
mongo_nef-1     | {"t":{"$date":"2025-11-12T11:01:58.813+00:00"},"s":"I",  "c":"NETWORK",  "id":51800,   "ctx":"conn1","msg":"client metadata","attr":{"remote":"127.0.0.1:36040","client":"conn1","doc":{"application":{"name":"MongoDB Shell"},"driver":{"name":"MongoDB Internal Client","version":"4.4.10"},"os":{"type":"Linux","name":"Ubuntu","architecture":"aarch64","version":"20.04"}}}}
mongo_nef-1     | {"t":{"$date":"2025-11-12T11:01:58.817+00:00"},"s":"I",  "c":"NETWORK",  "id":22944,   "ctx":"conn1","msg":"Connection ended","attr":{"remote":"127.0.0.1:36040","connectionId":1,"connectionCount":0}}
mongo_nef-1     | {"t":{"$date":"2025-11-12T11:01:58.907+00:00"},"s":"I",  "c":"NETWORK",  "id":22943,   "ctx":"listener","msg":"Connection accepted","attr":{"remote":"127.0.0.1:36052","connectionId":2,"connectionCount":1}}
mongo_nef-1     | {"t":{"$date":"2025-11-12T11:01:58.907+00:00"},"s":"I",  "c":"NETWORK",  "id":51800,   "ctx":"conn2","msg":"client metadata","attr":{"remote":"127.0.0.1:36052","client":"conn2","doc":{"application":{"name":"MongoDB Shell"},"driver":{"name":"MongoDB Internal Client","version":"4.4.10"},"os":{"type":"Linux","name":"Ubuntu","architecture":"aarch64","version":"20.04"}}}}
mongo_nef-1     | {"t":{"$date":"2025-11-12T11:01:58.926+00:00"},"s":"I",  "c":"STORAGE",  "id":20320,   "ctx":"conn2","msg":"createCollection","attr":{"namespace":"admin.system.users","uuidDisposition":"generated","uuid":{"uuid":{"$uuid":"8d73252f-e525-4141-8f1c-38279ab2b1a1"}},"options":{}}}
mongo_nef-1     | {"t":{"$date":"2025-11-12T11:01:58.936+00:00"},"s":"I",  "c":"INDEX",    "id":20345,   "ctx":"conn2","msg":"Index build: done building","attr":{"buildUUID":null,"namespace":"admin.system.users","index":"_id_","commitTimestamp":{"$timestamp":{"t":0,"i":0}}}}
mongo_nef-1     | {"t":{"$date":"2025-11-12T11:01:58.936+00:00"},"s":"I",  "c":"INDEX",    "id":20345,   "ctx":"conn2","msg":"Index build: done building","attr":{"buildUUID":null,"namespace":"admin.system.users","index":"user_1_db_1","commitTimestamp":{"$timestamp":{"t":0,"i":0}}}}
mongo_nef-1     | Successfully added user: {
mongo_nef-1     | 	"user" : "root",
ml-service-1    | INFO:ml_service.app.monitoring.metrics:Metrics collector already stopped
ml-service-1    | 172.19.0.4 - - [12/Nov/2025:11:02:09 +0000] "POST /api/predict-with-qos HTTP/1.1" 200 2046 "-" "python-requests/2.32.5"
ml-service-1    | INFO:ml_service.app:Received POST request for /api/qos-feedback [cid=31f33155-bfdc-4ac9-b5bd-5c237b1f0dfc]
ml-service-1    | INFO:ml_service.app:Responding with 200 OK [cid=31f33155-bfdc-4ac9-b5bd-5c237b1f0dfc]
ml-service-1    | INFO:ml_service.app.monitoring.metrics:Metrics collector already stopped
ml-service-1    | 172.19.0.4 - - [12/Nov/2025:11:02:09 +0000] "POST /api/qos-feedback HTTP/1.1" 200 72 "-" "python-requests/2.32.5"
ml-service-1    | INFO:ml_service.app:Received POST request for /api/predict-with-qos [cid=c7a02cd4-f36e-4b8d-bc1e-930e19eb4038]
db-1            | 2025-11-12 11:01:59.059 UTC [1] LOG:  database system is ready to accept connections
ml-service-1    | /venv/lib/python3.10/site-packages/sklearn/utils/validation.py:2749: UserWarning: X does not have valid feature names, but LGBMClassifier was fitted with feature names
ml-service-1    |   warnings.warn(
ml-service-1    | [LightGBM] [Warning] feature_fraction is set=1.0, colsample_bytree=1.0 will be ignored. Current value: feature_fraction=1.0
ml-service-1    | INFO:ml_service.app:Responding with 200 OK [cid=c7a02cd4-f36e-4b8d-bc1e-930e19eb4038]
ml-service-1    | INFO:ml_service.app.monitoring.metrics:Metrics collector already stopped
ml-service-1    | 172.19.0.4 - - [12/Nov/2025:11:02:09 +0000] "POST /api/predict-with-qos HTTP/1.1" 200 2053 "-" "python-requests/2.32.5"
ml-service-1    | INFO:ml_service.app:Received POST request for /api/qos-feedback [cid=bf1b1d45-8f9b-415a-8371-7c3553ad3322]
ml-service-1    | INFO:ml_service.app:Responding with 200 OK [cid=bf1b1d45-8f9b-415a-8371-7c3553ad3322]
ml-service-1    | INFO:ml_service.app.monitoring.metrics:Metrics collector already stopped
ml-service-1    | 172.19.0.4 - - [12/Nov/2025:11:02:09 +0000] "POST /api/qos-feedback HTTP/1.1" 200 72 "-" "python-requests/2.32.5"
ml-service-1    | INFO:ml_service.app:Received POST request for /api/predict-with-qos [cid=5c933502-1e3a-4432-949b-775feeee3830]
ml-service-1    | /venv/lib/python3.10/site-packages/sklearn/utils/validation.py:2749: UserWarning: X does not have valid feature names, but LGBMClassifier was fitted with feature names
ml-service-1    |   warnings.warn(
ml-service-1    | [LightGBM] [Warning] feature_fraction is set=1.0, colsample_bytree=1.0 will be ignored. Current value: feature_fraction=1.0
ml-service-1    | INFO:ml_service.app:Responding with 200 OK [cid=5c933502-1e3a-4432-949b-775feeee3830]
nef-emulator-1  | 192.168.65.1:48009 - "POST /api/v1/login/access-token HTTP/1.1" 200
nef-emulator-1  | 192.168.65.1:48167 - "GET /api/v1/Cells?skip=0&limit=200 HTTP/1.1" 200
nef-emulator-1  | 192.168.65.1:39057 - "GET /api/v1/Cells?skip=0&limit=200 HTTP/1.1" 200
nef-emulator-1  | 192.168.65.1:35666 - "POST /api/v1/login/access-token HTTP/1.1" 200
mongo_nef-1     | 	"roles" : [
mongo_nef-1     | 		{
mongo_nef-1     | 			"role" : "root",
mongo_nef-1     | 			"db" : "admin"
grafana-1       | logger=migrator t=2025-11-12T11:01:58.94114147Z level=info msg="Executing migration" id="Update uid column values for users"
grafana-1       | logger=migrator t=2025-11-12T11:01:58.941546554Z level=info msg="Migration successfully executed" id="Update uid column values for users" duration=405.959µs
grafana-1       | logger=migrator t=2025-11-12T11:01:58.94795222Z level=info msg="Executing migration" id="Make sure users uid are set"
grafana-1       | logger=migrator t=2025-11-12T11:01:58.948118554Z level=info msg="Migration successfully executed" id="Make sure users uid are set" duration=167.625µs
grafana-1       | logger=migrator t=2025-11-12T11:01:58.949416887Z level=info msg="Executing migration" id="Add unique index user_uid"
grafana-1       | logger=migrator t=2025-11-12T11:01:58.950163887Z level=info msg="Migration successfully executed" id="Add unique index user_uid" duration=747.208µs
grafana-1       | logger=migrator t=2025-11-12T11:01:58.952511387Z level=info msg="Executing migration" id="Add is_provisioned column to user"
grafana-1       | logger=migrator t=2025-11-12T11:01:58.953119095Z level=info msg="Migration successfully executed" id="Add is_provisioned column to user" duration=607.792µs
grafana-1       | logger=migrator t=2025-11-12T11:01:58.957013887Z level=info msg="Executing migration" id="update login field with orgid to allow for multiple service accounts with same name across orgs"
grafana-1       | logger=migrator t=2025-11-12T11:01:58.957224554Z level=info msg="Migration successfully executed" id="update login field with orgid to allow for multiple service accounts with same name across orgs" duration=211.292µs
grafana-1       | logger=migrator t=2025-11-12T11:01:58.959124929Z level=info msg="Executing migration" id="update service accounts login field orgid to appear only once"
grafana-1       | logger=migrator t=2025-11-12T11:01:58.959397095Z level=info msg="Migration successfully executed" id="update service accounts login field orgid to appear only once" duration=272.792µs
grafana-1       | logger=migrator t=2025-11-12T11:01:58.961169387Z level=info msg="Executing migration" id="update login and email fields to lowercase"
grafana-1       | logger=migrator t=2025-11-12T11:01:58.96148322Z level=info msg="Migration successfully executed" id="update login and email fields to lowercase" duration=313.792µs
grafana-1       | logger=migrator t=2025-11-12T11:01:58.96330422Z level=info msg="Executing migration" id="update login and email fields to lowercase2"
grafana-1       | logger=migrator t=2025-11-12T11:01:58.963477804Z level=info msg="Migration successfully executed" id="update login and email fields to lowercase2" duration=173.583µs
grafana-1       | logger=migrator t=2025-11-12T11:01:58.96610822Z level=info msg="Executing migration" id="Add index on user.is_service_account and user.last_seen_at"
grafana-1       | logger=migrator t=2025-11-12T11:01:58.966533554Z level=info msg="Migration successfully executed" id="Add index on user.is_service_account and user.last_seen_at" duration=425.791µs
mongo_nef-1     | 		}
mongo_nef-1     | 	]
mongo_nef-1     | }
grafana-1       | logger=migrator t=2025-11-12T11:01:58.968618054Z level=info msg="Executing migration" id="create temp user table v1-7"
grafana-1       | logger=migrator t=2025-11-12T11:01:58.968979054Z level=info msg="Migration successfully executed" id="create temp user table v1-7" duration=361.75µs
grafana-1       | logger=migrator t=2025-11-12T11:01:58.971323429Z level=info msg="Executing migration" id="create index IDX_temp_user_email - v1-7"
grafana-1       | logger=migrator t=2025-11-12T11:01:58.97168472Z level=info msg="Migration successfully executed" id="create index IDX_temp_user_email - v1-7" duration=362.042µs
grafana-1       | logger=migrator t=2025-11-12T11:01:58.97303397Z level=info msg="Executing migration" id="create index IDX_temp_user_org_id - v1-7"
grafana-1       | logger=migrator t=2025-11-12T11:01:58.973352429Z level=info msg="Migration successfully executed" id="create index IDX_temp_user_org_id - v1-7" duration=318.959µs
grafana-1       | logger=migrator t=2025-11-12T11:01:58.974845887Z level=info msg="Executing migration" id="create index IDX_temp_user_code - v1-7"
